content_script.js:4894 This page uses Chrome's Built-In AI features (LanguageDetector)! We're always improving our models; please submit your feedback here: https://issues.chromium.org/issues/new?component=1583316
vendor-dynamic.99e891f4.js:1 框架和 SDK 输出的日志默认不展示，可在框架配置文件中设置开启，详见 https://doc.weixin.qq.com/doc/w3_AWkASAb9APAr8IdJI5VS0OyqetUE6?scode=ANAAyQcbAAgB8qKjm9AWkASAb9APA
VM3408:3 Error
VM3408:3 Error
library-vue.e91ead26.js:1 Hydration completed but contains mismatches.
logMismatchError @ library-vue.e91ead26.js:1
VM3408:3 Error
VM3408:3 Error
VM3408:3 Error
index.83f5d9d3.js:25 Service Worker registered success with scope: https://www.xiaohongshu.com/
index.ts-B7FKDL9q.js:1 [XHS Radar] Content script loaded on https://www.xiaohongshu.com/explore?channel_id=homefeed_recommend
index.ts-B7FKDL9q.js:1 [XHS Radar Observer] Connected to feed container
index.ts-B7FKDL9q.js:1 [XHS Radar Observer] Detected 15 visible note(s)
index.ts-B7FKDL9q.js:1 [XHS Radar Queue] Flushing 5 note(s) to background
explore?channel_id=homefeed_recommend:1 TypeError: i is not a function
    at explore?channel_id=homefeed_recommend:1:4567
(anonymous) @ explore?channel_id=homefeed_recommend:1
explore?channel_id=homefeed_recommend:1 Banner not shown: beforeinstallpromptevent.preventDefault() called. The page must call beforeinstallpromptevent.prompt() to show the banner.
chrome-extension://invalid/:1  Failed to load resource: net::ERR_FAILED
chrome-extension://invalid/:1  Failed to load resource: net::ERR_FAILED
chrome-extension://invalid/:1  Failed to load resource: net::ERR_FAILED
chrome-extension://invalid/:1  Failed to load resource: net::ERR_FAILED
chrome-extension://invalid/:1  Failed to load resource: net::ERR_FAILED
chrome-extension://invalid/:1  Failed to load resource: net::ERR_FAILED
chrome-extension://invalid/:1  Failed to load resource: net::ERR_FAILED
chrome-extension://invalid/:1  Failed to load resource: net::ERR_FAILED
127.0.0.1:9222/json/version:1  Failed to load resource: net::ERR_CONNECTION_REFUSED
127.0.0.1:54345/:1  Failed to load resource: net::ERR_CONNECTION_REFUSED
index.ts-B7FKDL9q.js:1 [XHS Radar Queue] Flushing 5 note(s) to background
index.ts-B7FKDL9q.js:1 [XHS Radar Queue] Flushing 5 note(s) to background
vendor-dynamic.99e891f4.js:1 [apm performance metric] paintTiming
vendor-dynamic.99e891f4.js:1 [apm performance metric] visualStability
index.ts-B7FKDL9q.js:1 [XHS Radar] ⚠ LOW QUALITY Object
index.ts-B7FKDL9q.js:1 [XHS Radar] ⚠ LOW QUALITY Object
VM3408:3 Error
vendor-dynamic.99e891f4.js:1 [apm performance metric] interactiveTiming
index.ts-B7FKDL9q.js:1 [XHS Radar Observer] Detected 7 visible note(s)
index.ts-B7FKDL9q.js:1 [XHS Radar Queue] Flushing 5 note(s) to background
index.ts-B7FKDL9q.js:1 [XHS Radar Queue] Flushing 2 note(s) to background
vendor-dynamic.99e891f4.js:1 [apm performance metric] interactiveTiming
VM3752:3 Error
